Archive member included because of file (symbol)

c:/program files/arduino-1.0.5/hardware/tools/avr/bin/../lib/gcc/avr/4.3.2/avr5\libgcc.a(_udivmodhi4.o)
                              Output/Blinker-Prog.obj (__udivmodhi4)
c:/program files/arduino-1.0.5/hardware/tools/avr/bin/../lib/gcc/avr/4.3.2/avr5\libgcc.a(_divmodhi4.o)
                              Output/Blinker-Prog.obj (__divmodhi4)
c:/program files/arduino-1.0.5/hardware/tools/avr/bin/../lib/gcc/avr/4.3.2/avr5\libgcc.a(_copy_data.o)
                              Output/Blinker-Prog.obj (__do_copy_data)
c:/program files/arduino-1.0.5/hardware/tools/avr/bin/../lib/gcc/avr/4.3.2/avr5\libgcc.a(_clear_bss.o)
                              Output/Blinker-Prog.obj (__do_clear_bss)

Allocating common symbols
Common symbol       size              file

ledArray            0xc               Output/Hal.obj
Em_App_recvIdx      0x1               Output/Blinker.obj
Em_App_xmitSize     0x1               Output/Blinker.obj
Em_App_valp         0x2               Output/Blinker.obj
Em_App_ind_u        0xc               Output/Blinker.obj
Em_App_recvSize     0x1               Output/Blinker.obj
Em_App_msg_u        0x1c              Output/Blinker.obj
Em_App_pdHdlr       0x2               Output/Blinker.obj
Em_App_bufp         0x2               Output/Blinker.obj
Em_App_xmitIdx      0x1               Output/Blinker.obj
Em_App_desc         0x2               Output/Blinker.obj

Discarded input sections

 .data          0x00000000        0x0 ../Platform-Arduino-Uno/Avr/crt0.o
 .bss           0x00000000        0x0 ../Platform-Arduino-Uno/Avr/crt0.o
 .text          0x00000000        0x0 Output/Blinker-Prog.obj
 .data          0x00000000        0x0 Output/Blinker-Prog.obj
 .bss           0x00000000        0x0 Output/Blinker-Prog.obj
 .text.ledsOff  0x00000000        0x0 Output/Blinker-Prog.obj
 .text          0x00000000        0x0 Output/Blinker.obj
 .data          0x00000000        0x0 Output/Blinker.obj
 .bss           0x00000000        0x0 Output/Blinker.obj
 .text.Em_App_marshallToBuf
                0x00000000        0x0 Output/Blinker.obj
 .text.Em_App_marshallToVal
                0x00000000        0x0 Output/Blinker.obj
 .text.Blinker_setDeviceName
                0x00000000        0x0 Output/Blinker.obj
 .text.Blinker_pairingOn
                0x00000000        0x0 Output/Blinker.obj
 .text.Blinker_pairingOff
                0x00000000        0x0 Output/Blinker.obj
 .text.Blinker_broadcastOff
                0x00000000        0x0 Output/Blinker.obj
 .text.Blinker_activateParameters
                0x00000000        0x0 Output/Blinker.obj
 .text.Blinker_accept
                0x00000000        0x0 Output/Blinker.obj
 .text.Em_Message_restart
                0x00000000        0x0 Output/Blinker.obj
 .text          0x00000000        0x0 Output/Hal.obj
 .data          0x00000000        0x0 Output/Hal.obj
 .bss           0x00000000        0x0 Output/Hal.obj
 .text.Hal_buttonEnable
                0x00000000        0x0 Output/Hal.obj
 .text.Hal_debugOn
                0x00000000        0x0 Output/Hal.obj
 .text.Hal_debugOff
                0x00000000        0x0 Output/Hal.obj
 .text.Hal_debugPulse
                0x00000000        0x0 Output/Hal.obj
 .text.Hal_User_ledToggle
                0x00000000        0x0 Output/Hal.obj
 .text.Hal_ledOff
                0x00000000        0x0 Output/Hal.obj
 .text.Em_Hal_watchOn
                0x00000000        0x0 Output/Hal.obj
 .text.Em_Hal_watchOff
                0x00000000        0x0 Output/Hal.obj
 COMMON         0x00000000        0x0 Output/Hal.obj
 .text          0x00000000        0x0 c:/program files/arduino-1.0.5/hardware/tools/avr/bin/../lib/gcc/avr/4.3.2/avr5\libgcc.a(_udivmodhi4.o)
 .data          0x00000000        0x0 c:/program files/arduino-1.0.5/hardware/tools/avr/bin/../lib/gcc/avr/4.3.2/avr5\libgcc.a(_udivmodhi4.o)
 .bss           0x00000000        0x0 c:/program files/arduino-1.0.5/hardware/tools/avr/bin/../lib/gcc/avr/4.3.2/avr5\libgcc.a(_udivmodhi4.o)
 .text          0x00000000        0x0 c:/program files/arduino-1.0.5/hardware/tools/avr/bin/../lib/gcc/avr/4.3.2/avr5\libgcc.a(_divmodhi4.o)
 .data          0x00000000        0x0 c:/program files/arduino-1.0.5/hardware/tools/avr/bin/../lib/gcc/avr/4.3.2/avr5\libgcc.a(_divmodhi4.o)
 .bss           0x00000000        0x0 c:/program files/arduino-1.0.5/hardware/tools/avr/bin/../lib/gcc/avr/4.3.2/avr5\libgcc.a(_divmodhi4.o)
 .text          0x00000000        0x0 c:/program files/arduino-1.0.5/hardware/tools/avr/bin/../lib/gcc/avr/4.3.2/avr5\libgcc.a(_copy_data.o)
 .data          0x00000000        0x0 c:/program files/arduino-1.0.5/hardware/tools/avr/bin/../lib/gcc/avr/4.3.2/avr5\libgcc.a(_copy_data.o)
 .bss           0x00000000        0x0 c:/program files/arduino-1.0.5/hardware/tools/avr/bin/../lib/gcc/avr/4.3.2/avr5\libgcc.a(_copy_data.o)
 .text.libgcc   0x00000000        0x0 c:/program files/arduino-1.0.5/hardware/tools/avr/bin/../lib/gcc/avr/4.3.2/avr5\libgcc.a(_copy_data.o)
 .text          0x00000000        0x0 c:/program files/arduino-1.0.5/hardware/tools/avr/bin/../lib/gcc/avr/4.3.2/avr5\libgcc.a(_clear_bss.o)
 .data          0x00000000        0x0 c:/program files/arduino-1.0.5/hardware/tools/avr/bin/../lib/gcc/avr/4.3.2/avr5\libgcc.a(_clear_bss.o)
 .bss           0x00000000        0x0 c:/program files/arduino-1.0.5/hardware/tools/avr/bin/../lib/gcc/avr/4.3.2/avr5\libgcc.a(_clear_bss.o)
 .text.libgcc   0x00000000        0x0 c:/program files/arduino-1.0.5/hardware/tools/avr/bin/../lib/gcc/avr/4.3.2/avr5\libgcc.a(_clear_bss.o)

Memory Configuration

Name             Origin             Length             Attributes
text             0x00000000         0x00020000         xr
data             0x00800060         0x0000ffa0         rw !x
eeprom           0x00810000         0x00010000         rw !x
fuse             0x00820000         0x00000400         rw !x
lock             0x00830000         0x00000400         rw !x
signature        0x00840000         0x00000400         rw !x
*default*        0x00000000         0xffffffff

Linker script and memory map

Address of section .data set to 0x800100
LOAD ../Platform-Arduino-Uno/Avr/crt0.o
LOAD Output/Blinker-Prog.obj
LOAD Output/Blinker.obj
LOAD Output/Hal.obj
LOAD c:/program files/arduino-1.0.5/hardware/tools/avr/bin/../lib/gcc/avr/4.3.2/avr5\libgcc.a
LOAD c:/program files/arduino-1.0.5/hardware/tools/avr/bin/../lib/gcc/avr/4.3.2/../../../../avr/lib/avr5\libc.a

.hash
 *(.hash)

.dynsym
 *(.dynsym)

.dynstr
 *(.dynstr)

.gnu.version
 *(.gnu.version)

.gnu.version_d
 *(.gnu.version_d)

.gnu.version_r
 *(.gnu.version_r)

.rel.init
 *(.rel.init)

.rela.init
 *(.rela.init)

.rel.text
 *(.rel.text)
 *(.rel.text.*)
 *(.rel.gnu.linkonce.t*)

.rela.text
 *(.rela.text)
 *(.rela.text.*)
 *(.rela.gnu.linkonce.t*)

.rel.fini
 *(.rel.fini)

.rela.fini
 *(.rela.fini)

.rel.rodata
 *(.rel.rodata)
 *(.rel.rodata.*)
 *(.rel.gnu.linkonce.r*)

.rela.rodata
 *(.rela.rodata)
 *(.rela.rodata.*)
 *(.rela.gnu.linkonce.r*)

.rel.data
 *(.rel.data)
 *(.rel.data.*)
 *(.rel.gnu.linkonce.d*)

.rela.data
 *(.rela.data)
 *(.rela.data.*)
 *(.rela.gnu.linkonce.d*)

.rel.ctors
 *(.rel.ctors)

.rela.ctors
 *(.rela.ctors)

.rel.dtors
 *(.rel.dtors)

.rela.dtors
 *(.rela.dtors)

.rel.got
 *(.rel.got)

.rela.got
 *(.rela.got)

.rel.bss
 *(.rel.bss)

.rela.bss
 *(.rela.bss)

.rel.plt
 *(.rel.plt)

.rela.plt
 *(.rela.plt)

xdc.meta
 *(xdc.meta)

.text           0x00000000      0xba0
 *(.vectors)
 .vectors       0x00000000       0x68 ../Platform-Arduino-Uno/Avr/crt0.o
                0x00000000                __vectors
                0x00000000                __vector_default
 *(.vectors)
 *(.progmem.gcc*)
 *(.progmem*)
                0x00000068                . = ALIGN (0x2)
                0x00000068                __trampolines_start = .
 *(.trampolines)
 .trampolines   0x00000068        0x0 linker stubs
 *(.trampolines*)
                0x00000068                __trampolines_end = .
 *(.jumptables)
 *(.jumptables*)
 *(.lowtext)
 *(.lowtext*)
                0x00000068                __ctors_start = .
 *(.ctors)
                0x00000068                __ctors_end = .
                0x00000068                __dtors_start = .
 *(.dtors)
                0x00000068                __dtors_end = .
 SORT(*)(.ctors)
 SORT(*)(.dtors)
 *(.init0)
 .init0         0x00000068        0x0 ../Platform-Arduino-Uno/Avr/crt0.o
                0x00000068                __init
 *(.init0)
 *(.init1)
 *(.init1)
 *(.init2)
 .init2         0x00000068        0xc ../Platform-Arduino-Uno/Avr/crt0.o
 *(.init2)
 *(.init3)
 *(.init3)
 *(.init4)
 .init4         0x00000074       0x16 c:/program files/arduino-1.0.5/hardware/tools/avr/bin/../lib/gcc/avr/4.3.2/avr5\libgcc.a(_copy_data.o)
                0x00000074                __do_copy_data
 .init4         0x0000008a       0x10 c:/program files/arduino-1.0.5/hardware/tools/avr/bin/../lib/gcc/avr/4.3.2/avr5\libgcc.a(_clear_bss.o)
                0x0000008a                __do_clear_bss
 *(.init4)
 *(.init5)
 *(.init5)
 *(.init6)
 *(.init6)
 *(.init7)
 *(.init7)
 *(.init8)
 *(.init8)
 *(.init9)
 .init9         0x0000009a        0x4 ../Platform-Arduino-Uno/Avr/crt0.o
 *(.init9)
 *(.text)
 .text          0x0000009e        0x4 ../Platform-Arduino-Uno/Avr/crt0.o
                0x0000009e                __vector_22
                0x0000009e                __vector_24
                0x0000009e                __vector_12
                0x0000009e                __bad_interrupt
                0x0000009e                __vector_6
                0x0000009e                __vector_3
                0x0000009e                __vector_23
                0x0000009e                __vector_25
                0x0000009e                __vector_13
                0x0000009e                __vector_17
                0x0000009e                __vector_19
                0x0000009e                __vector_7
                0x0000009e                __vector_5
                0x0000009e                __vector_4
                0x0000009e                __vector_9
                0x0000009e                __vector_2
                0x0000009e                __vector_21
                0x0000009e                __vector_15
                0x0000009e                __vector_8
                0x0000009e                __vector_14
                0x0000009e                __vector_10
                0x0000009e                __vector_16
                0x0000009e                __vector_20
                0x000000a2                . = ALIGN (0x2)
 *(.text.*)
 .text.Blinker_cmd_store
                0x000000a2       0x26 Output/Blinker-Prog.obj
                0x000000a2                Blinker_cmd_store
 .text.Blinker_count_fetch
                0x000000c8       0x20 Output/Blinker-Prog.obj
                0x000000c8                Blinker_count_fetch
 .text.Blinker_count_store
                0x000000e8       0x54 Output/Blinker-Prog.obj
                0x000000e8                Blinker_count_store
 .text.Blinker_delay_fetch
                0x0000013c       0x18 Output/Blinker-Prog.obj
                0x0000013c                Blinker_delay_fetch
 .text.Blinker_delay_store
                0x00000154       0x10 Output/Blinker-Prog.obj
                0x00000154                Blinker_delay_store
 .text.Blinker_ledState_fetch
                0x00000164       0x14 Output/Blinker-Prog.obj
                0x00000164                Blinker_ledState_fetch
 .text.Blinker_disconnectHandler
                0x00000178       0x12 Output/Blinker-Prog.obj
                0x00000178                Blinker_disconnectHandler
 .text.Blinker_connectHandler
                0x0000018a       0x12 Output/Blinker-Prog.obj
                0x0000018a                Blinker_connectHandler
 .text.main     0x0000019c       0x1a Output/Blinker-Prog.obj
                0x0000019c                main
 .text.tickHandler
                0x000001b6      0x120 Output/Blinker-Prog.obj
 .text.Em_App_xmitReady
                0x000002d6       0x80 Output/Blinker.obj
                0x000002d6                Em_App_xmitReady
 .text.Em_App_startResSend
                0x00000356       0x20 Output/Blinker.obj
                0x00000356                Em_App_startResSend
 .text.Em_App_sendResponse
                0x00000376       0x2a Output/Blinker.obj
                0x00000376                Em_App_sendResponse
 .text.Em_App_storeDispatch
                0x000003a0       0x50 Output/Blinker.obj
                0x000003a0                Em_App_storeDispatch
 .text.Em_App_fetchDispatch
                0x000003f0       0x50 Output/Blinker.obj
                0x000003f0                Em_App_fetchDispatch
 .text.Em_App_sysStoreDispatch
                0x00000440       0x22 Output/Blinker.obj
                0x00000440                Em_App_sysStoreDispatch
 .text.Em_App_sysFetchDispatch
                0x00000462       0xec Output/Blinker.obj
                0x00000462                Em_App_sysFetchDispatch
 .text.Em_App_startIndSend
                0x0000054e       0x20 Output/Blinker.obj
                0x0000054e                Em_App_startIndSend
 .text.Em_App_sendIndicator
                0x0000056e       0x2e Output/Blinker.obj
                0x0000056e                Em_App_sendIndicator
 .text.Blinker_ledState_indicate
                0x0000059c       0x1c Output/Blinker.obj
                0x0000059c                Blinker_ledState_indicate
 .text.Em_Message_nextXmit
                0x000005b8       0x64 Output/Blinker.obj
                0x000005b8                Em_Message_nextXmit
 .text.Blinker_disconnect
                0x0000061c       0x2a Output/Blinker.obj
                0x0000061c                Blinker_disconnect
 .text.Blinker_reset
                0x00000646       0x52 Output/Blinker.obj
                0x00000646                Blinker_reset
 .text.Blinker_start
                0x00000698        0xc Output/Blinker.obj
                0x00000698                Blinker_start
 .text.Em_Message_dispatch
                0x000006a4       0x76 Output/Blinker.obj
                0x000006a4                Em_Message_dispatch
 .text.Hal_connected
                0x0000071a        0x2 Output/Hal.obj
                0x0000071a                Hal_connected
 .text.Hal_delay
                0x0000071c       0x32 Output/Hal.obj
                0x0000071c                Hal_delay
 .text.Hal_disconnected
                0x0000074e        0x2 Output/Hal.obj
                0x0000074e                Hal_disconnected
 .text.Hal_init
                0x00000750       0x5e Output/Hal.obj
                0x00000750                Hal_init
 .text.Hal_idleLoop
                0x000007ae       0x62 Output/Hal.obj
                0x000007ae                Hal_idleLoop
 .text.Hal_User_ledOn
                0x00000810       0x74 Output/Hal.obj
                0x00000810                Hal_User_ledOn
 .text.Hal_User_ledOff
                0x00000884       0x74 Output/Hal.obj
                0x00000884                Hal_User_ledOff
 .text.Hal_ledRead
                0x000008f8       0x18 Output/Hal.obj
                0x000008f8                Hal_ledRead
 .text.Hal_ledToggle
                0x00000910        0xa Output/Hal.obj
                0x00000910                Hal_ledToggle
 .text.Hal_tickStart
                0x0000091a       0x3e Output/Hal.obj
                0x0000091a                Hal_tickStart
 .text.Em_Hal_lock
                0x00000958        0x8 Output/Hal.obj
                0x00000958                Em_Hal_lock
 .text.Em_Hal_reset
                0x00000960       0x42 Output/Hal.obj
                0x00000960                Em_Hal_reset
 .text.Em_Hal_startSend
                0x000009a2       0x1c Output/Hal.obj
                0x000009a2                Em_Hal_startSend
 .text.Em_Hal_unlock
                0x000009be        0xc Output/Hal.obj
                0x000009be                Em_Hal_unlock
 .text.__vector_18
                0x000009ca       0xa8 Output/Hal.obj
                0x000009ca                __vector_18
 .text.__vector_11
                0x00000a72       0x4e Output/Hal.obj
                0x00000a72                __vector_11
 .text.__vector_1
                0x00000ac0       0x92 Output/Hal.obj
                0x00000ac0                __vector_1
 .text.libgcc   0x00000b52       0x28 c:/program files/arduino-1.0.5/hardware/tools/avr/bin/../lib/gcc/avr/4.3.2/avr5\libgcc.a(_udivmodhi4.o)
                0x00000b52                __udivmodhi4
 .text.libgcc   0x00000b7a       0x26 c:/program files/arduino-1.0.5/hardware/tools/avr/bin/../lib/gcc/avr/4.3.2/avr5\libgcc.a(_divmodhi4.o)
                0x00000b7a                __divmodhi4
                0x00000b7a                _div
                0x00000ba0                . = ALIGN (0x2)
 *(.fini9)
 *(.fini9)
 *(.fini8)
 *(.fini8)
 *(.fini7)
 *(.fini7)
 *(.fini6)
 *(.fini6)
 *(.fini5)
 *(.fini5)
 *(.fini4)
 *(.fini4)
 *(.fini3)
 *(.fini3)
 *(.fini2)
 *(.fini2)
 *(.fini1)
 *(.fini1)
 *(.fini0)
 *(.fini0)
                0x00000ba0                _etext = .

.data           0x00800100      0x1a4 load address 0x00000ba0
                0x00800100                PROVIDE (__data_start, .)
                0x00800200                . = (. + 0x100)
 *fill*         0x00800100      0x100 00
                0x00800200                em__stackEnd = .
 *(.data)
 *(.data*)
 .data.patterns
                0x00800200        0x8 Output/Blinker-Prog.obj
                0x00800200                patterns
 .data.delayVal
                0x00800208        0x2 Output/Blinker-Prog.obj
 .data.connectTime
                0x0080020a        0x2 Output/Blinker-Prog.obj
 .data.ledArray2
                0x0080020c       0x1e Output/Blinker-Prog.obj
 .data.ledArray3
                0x0080022a       0x1e Output/Blinker-Prog.obj
 .data.ledArray4
                0x00800248       0x1e Output/Blinker-Prog.obj
 .data.Em_App_inBuf
                0x00800266        0x2 Output/Blinker.obj
                0x00800266                Em_App_inBuf
 *(.rodata)
 *(.rodata*)
 .rodata.ledArray1
                0x00800268       0x1e Output/Blinker-Prog.obj
                0x00800268                ledArray1
 .rodata.Em_App_hash
                0x00800286       0x13 Output/Blinker.obj
                0x00800286                Em_App_hash
 .rodata.Em_App_build
                0x00800299        0x8 Output/Blinker.obj
                0x00800299                Em_App_build
 .rodata.Em_App_endian
                0x008002a1        0x2 Output/Blinker.obj
                0x008002a1                Em_App_endian
 *(.gnu.linkonce.d*)
                0x008002a4                . = ALIGN (0x2)
 *fill*         0x008002a3        0x1 00
                0x008002a4                _edata = .
                0x008002a4                PROVIDE (__data_end, .)

.bss            0x008002a4       0x58 load address 0x00000d44
                0x008002a4                PROVIDE (__bss_start, .)
 *(.bss)
 *(.bss*)
 .bss.countVal  0x008002a4        0x2 Output/Blinker-Prog.obj
 .bss.curPattern
                0x008002a6        0x2 Output/Blinker-Prog.obj
 .bss.cmdVal    0x008002a8        0x1 Output/Blinker-Prog.obj
 .bss.curTime   0x008002a9        0x2 Output/Blinker-Prog.obj
 .bss.curLedIdx
                0x008002ab        0x2 Output/Blinker-Prog.obj
 .bss.Em_App_state
                0x008002ad        0x1 Output/Blinker.obj
                0x008002ad                Em_App_state
 .bss.Em_App_fileIndex
                0x008002ae        0x4 Output/Blinker.obj
                0x008002ae                Em_App_fileIndex
 .bss.Em_App_xmitMask
                0x008002b2        0x4 Output/Blinker.obj
                0x008002b2                Em_App_xmitMask
 .bss.Em_App_outBuf
                0x008002b6        0x2 Output/Blinker.obj
                0x008002b6                Em_App_outBuf
 .bss._Em_Message_rxBuf
                0x008002b8        0x2 Output/Blinker.obj
                0x008002b8                _Em_Message_rxBuf
 .bss._Em_Message_rxCnt
                0x008002ba        0x1 Output/Blinker.obj
                0x008002ba                _Em_Message_rxCnt
 .bss._Em_Message_txBuf
                0x008002bb        0x2 Output/Blinker.obj
                0x008002bb                _Em_Message_txBuf
 .bss._Em_Message_txCnt
                0x008002bd        0x1 Output/Blinker.obj
                0x008002bd                _Em_Message_txCnt
 .bss.Em_App_devName
                0x008002be        0x2 Output/Blinker.obj
                0x008002be                Em_App_devName
 .bss.handlerEvents
                0x008002c0        0x2 Output/Hal.obj
 .bss.handlerTab
                0x008002c2        0x6 Output/Hal.obj
 *(COMMON)
 COMMON         0x008002c8       0x34 Output/Blinker.obj
                0x008002c8                Em_App_recvIdx
                0x008002c9                Em_App_xmitSize
                0x008002ca                Em_App_valp
                0x008002cc                Em_App_ind_u
                0x008002d8                Em_App_recvSize
                0x008002d9                Em_App_msg_u
                0x008002f5                Em_App_pdHdlr
                0x008002f7                Em_App_bufp
                0x008002f9                Em_App_xmitIdx
                0x008002fa                Em_App_desc
                0x008002fc                PROVIDE (__bss_end, .)
                0x00000ba0                __data_load_start = LOADADDR (.data)
                0x00000d44                __data_load_end = (__data_load_start + SIZEOF (.data))

.noinit         0x008002fc        0x0
                0x008002fc                PROVIDE (__noinit_start, .)
 *(.noinit*)
                0x008002fc                PROVIDE (__noinit_end, .)
                0x008002fc                _end = .
                0x008002fc                PROVIDE (__heap_start, .)

.eeprom         0x00810000        0x0
 *(.eeprom*)
                0x00810000                __eeprom_end = .

.fuse
 *(.fuse)
 *(.lfuse)
 *(.hfuse)
 *(.efuse)

.lock
 *(.lock*)

.signature
 *(.signature*)

.stab
 *(.stab)

.stabstr
 *(.stabstr)

.stab.excl
 *(.stab.excl)

.stab.exclstr
 *(.stab.exclstr)

.stab.index
 *(.stab.index)

.stab.indexstr
 *(.stab.indexstr)

.comment
 *(.comment)

.debug
 *(.debug)

.line
 *(.line)

.debug_srcinfo
 *(.debug_srcinfo)

.debug_sfnames
 *(.debug_sfnames)

.debug_aranges  0x00000000      0x228
 *(.debug_aranges)
 .debug_aranges
                0x00000000       0x70 Output/Blinker-Prog.obj
 .debug_aranges
                0x00000070       0xd8 Output/Blinker.obj
 .debug_aranges
                0x00000148       0xe0 Output/Hal.obj

.debug_pubnames
                0x00000000      0x6e9
 *(.debug_pubnames)
 .debug_pubnames
                0x00000000      0x10c Output/Blinker-Prog.obj
 .debug_pubnames
                0x0000010c      0x403 Output/Blinker.obj
 .debug_pubnames
                0x0000050f      0x1da Output/Hal.obj

.debug_info     0x00000000     0x12ea
 *(.debug_info)
 .debug_info    0x00000000      0x3e3 Output/Blinker-Prog.obj
 .debug_info    0x000003e3      0x827 Output/Blinker.obj
 .debug_info    0x00000c0a      0x6e0 Output/Hal.obj
 *(.gnu.linkonce.wi.*)

.debug_abbrev   0x00000000      0x611
 *(.debug_abbrev)
 .debug_abbrev  0x00000000      0x13f Output/Blinker-Prog.obj
 .debug_abbrev  0x0000013f      0x208 Output/Blinker.obj
 .debug_abbrev  0x00000347      0x2ca Output/Hal.obj

.debug_line     0x00000000     0x15d6
 *(.debug_line)
 .debug_line    0x00000000      0x361 Output/Blinker-Prog.obj
 .debug_line    0x00000361      0x8fd Output/Blinker.obj
 .debug_line    0x00000c5e      0x978 Output/Hal.obj

.debug_frame    0x00000000      0x3f0
 *(.debug_frame)
 .debug_frame   0x00000000       0xc0 Output/Blinker-Prog.obj
 .debug_frame   0x000000c0      0x190 Output/Blinker.obj
 .debug_frame   0x00000250      0x1a0 Output/Hal.obj

.debug_str      0x00000000      0x8fd
 *(.debug_str)
 .debug_str     0x00000000      0x2c9 Output/Blinker-Prog.obj
                                0x30d (size before relaxing)
 .debug_str     0x000002c9      0x3c8 Output/Blinker.obj
                                0x522 (size before relaxing)
 .debug_str     0x00000691      0x26c Output/Hal.obj
                                0x386 (size before relaxing)

.debug_loc      0x00000000      0x5ca
 *(.debug_loc)
 .debug_loc     0x00000000      0x158 Output/Blinker-Prog.obj
 .debug_loc     0x00000158      0x387 Output/Blinker.obj
 .debug_loc     0x000004df       0xeb Output/Hal.obj

.debug_macinfo
 *(.debug_macinfo)

xdc.noload
OUTPUT(Output/Blinker-Prog.out elf32-avr)
LOAD linker stubs

.debug_ranges   0x00000000      0x2e8
 .debug_ranges  0x00000000       0x80 Output/Blinker-Prog.obj
 .debug_ranges  0x00000080       0xe8 Output/Blinker.obj
 .debug_ranges  0x00000168      0x180 Output/Hal.obj
