Archive member included because of file (symbol)

c:/program files/arduino-1.0.5/hardware/tools/avr/bin/../lib/gcc/avr/4.3.2/avr5\libgcc.a(_divmodhi4.o)
                              Output/Blinker-Prog.obj (__divmodhi4)
c:/program files/arduino-1.0.5/hardware/tools/avr/bin/../lib/gcc/avr/4.3.2/avr5\libgcc.a(_copy_data.o)
                              Output/Blinker-Prog.obj (__do_copy_data)
c:/program files/arduino-1.0.5/hardware/tools/avr/bin/../lib/gcc/avr/4.3.2/avr5\libgcc.a(_clear_bss.o)
                              Output/Blinker-Prog.obj (__do_clear_bss)
c:/program files/arduino-1.0.5/hardware/tools/avr/bin/../lib/gcc/avr/4.3.2/avr5\libgcc.a(_udivmodhi4.o)
                              c:/program files/arduino-1.0.5/hardware/tools/avr/bin/../lib/gcc/avr/4.3.2/avr5\libgcc.a(_divmodhi4.o) (__udivmodhi4)

Allocating common symbols
Common symbol       size              file

ledArray            0xc               Output/Blinker-Prog.obj
Em_App_recvIdx      0x1               Output/Blinker.obj
Em_App_xmitSize     0x1               Output/Blinker.obj
Em_App_valp         0x2               Output/Blinker.obj
Em_App_ind_u        0xc               Output/Blinker.obj
Em_App_recvSize     0x1               Output/Blinker.obj
Em_App_msg_u        0x1c              Output/Blinker.obj
Em_App_pdHdlr       0x2               Output/Blinker.obj
Em_App_bufp         0x2               Output/Blinker.obj
Em_App_xmitIdx      0x1               Output/Blinker.obj
Em_App_desc         0x2               Output/Blinker.obj

Discarded input sections

 .data          0x00000000        0x0 ../Platform-Arduino-Uno/Avr/crt0.o
 .bss           0x00000000        0x0 ../Platform-Arduino-Uno/Avr/crt0.o
 .text          0x00000000        0x0 Output/Blinker-Prog.obj
 .data          0x00000000        0x0 Output/Blinker-Prog.obj
 .bss           0x00000000        0x0 Output/Blinker-Prog.obj
 .text.ledsOff  0x00000000        0x0 Output/Blinker-Prog.obj
 COMMON         0x00000000        0x0 Output/Blinker-Prog.obj
 .text          0x00000000        0x0 Output/Blinker.obj
 .data          0x00000000        0x0 Output/Blinker.obj
 .bss           0x00000000        0x0 Output/Blinker.obj
 .text.Em_App_marshallToBuf
                0x00000000        0x0 Output/Blinker.obj
 .text.Em_App_marshallToVal
                0x00000000        0x0 Output/Blinker.obj
 .text.Blinker_setDeviceName
                0x00000000        0x0 Output/Blinker.obj
 .text.Blinker_pairingOn
                0x00000000        0x0 Output/Blinker.obj
 .text.Blinker_pairingOff
                0x00000000        0x0 Output/Blinker.obj
 .text.Blinker_broadcastOff
                0x00000000        0x0 Output/Blinker.obj
 .text.Blinker_activateParameters
                0x00000000        0x0 Output/Blinker.obj
 .text.Blinker_accept
                0x00000000        0x0 Output/Blinker.obj
 .text.Em_Message_restart
                0x00000000        0x0 Output/Blinker.obj
 .text          0x00000000        0x0 Output/Hal.obj
 .data          0x00000000        0x0 Output/Hal.obj
 .bss           0x00000000        0x0 Output/Hal.obj
 .text.Hal_buttonEnable
                0x00000000        0x0 Output/Hal.obj
 .text.Hal_debugOn
                0x00000000        0x0 Output/Hal.obj
 .text.Hal_debugOff
                0x00000000        0x0 Output/Hal.obj
 .text.Hal_debugPulse
                0x00000000        0x0 Output/Hal.obj
 .text.Hal_User_ledToggle
                0x00000000        0x0 Output/Hal.obj
 .text.Hal_ledOff
                0x00000000        0x0 Output/Hal.obj
 .text.Em_Hal_watchOn
                0x00000000        0x0 Output/Hal.obj
 .text.Em_Hal_watchOff
                0x00000000        0x0 Output/Hal.obj
 .text          0x00000000        0x0 c:/program files/arduino-1.0.5/hardware/tools/avr/bin/../lib/gcc/avr/4.3.2/avr5\libgcc.a(_divmodhi4.o)
 .data          0x00000000        0x0 c:/program files/arduino-1.0.5/hardware/tools/avr/bin/../lib/gcc/avr/4.3.2/avr5\libgcc.a(_divmodhi4.o)
 .bss           0x00000000        0x0 c:/program files/arduino-1.0.5/hardware/tools/avr/bin/../lib/gcc/avr/4.3.2/avr5\libgcc.a(_divmodhi4.o)
 .text          0x00000000        0x0 c:/program files/arduino-1.0.5/hardware/tools/avr/bin/../lib/gcc/avr/4.3.2/avr5\libgcc.a(_copy_data.o)
 .data          0x00000000        0x0 c:/program files/arduino-1.0.5/hardware/tools/avr/bin/../lib/gcc/avr/4.3.2/avr5\libgcc.a(_copy_data.o)
 .bss           0x00000000        0x0 c:/program files/arduino-1.0.5/hardware/tools/avr/bin/../lib/gcc/avr/4.3.2/avr5\libgcc.a(_copy_data.o)
 .text.libgcc   0x00000000        0x0 c:/program files/arduino-1.0.5/hardware/tools/avr/bin/../lib/gcc/avr/4.3.2/avr5\libgcc.a(_copy_data.o)
 .text          0x00000000        0x0 c:/program files/arduino-1.0.5/hardware/tools/avr/bin/../lib/gcc/avr/4.3.2/avr5\libgcc.a(_clear_bss.o)
 .data          0x00000000        0x0 c:/program files/arduino-1.0.5/hardware/tools/avr/bin/../lib/gcc/avr/4.3.2/avr5\libgcc.a(_clear_bss.o)
 .bss           0x00000000        0x0 c:/program files/arduino-1.0.5/hardware/tools/avr/bin/../lib/gcc/avr/4.3.2/avr5\libgcc.a(_clear_bss.o)
 .text.libgcc   0x00000000        0x0 c:/program files/arduino-1.0.5/hardware/tools/avr/bin/../lib/gcc/avr/4.3.2/avr5\libgcc.a(_clear_bss.o)
 .text          0x00000000        0x0 c:/program files/arduino-1.0.5/hardware/tools/avr/bin/../lib/gcc/avr/4.3.2/avr5\libgcc.a(_udivmodhi4.o)
 .data          0x00000000        0x0 c:/program files/arduino-1.0.5/hardware/tools/avr/bin/../lib/gcc/avr/4.3.2/avr5\libgcc.a(_udivmodhi4.o)
 .bss           0x00000000        0x0 c:/program files/arduino-1.0.5/hardware/tools/avr/bin/../lib/gcc/avr/4.3.2/avr5\libgcc.a(_udivmodhi4.o)

Memory Configuration

Name             Origin             Length             Attributes
text             0x00000000         0x00020000         xr
data             0x00800060         0x0000ffa0         rw !x
eeprom           0x00810000         0x00010000         rw !x
fuse             0x00820000         0x00000400         rw !x
lock             0x00830000         0x00000400         rw !x
signature        0x00840000         0x00000400         rw !x
*default*        0x00000000         0xffffffff

Linker script and memory map

Address of section .data set to 0x800100
LOAD ../Platform-Arduino-Uno/Avr/crt0.o
LOAD Output/Blinker-Prog.obj
LOAD Output/Blinker.obj
LOAD Output/Hal.obj
LOAD c:/program files/arduino-1.0.5/hardware/tools/avr/bin/../lib/gcc/avr/4.3.2/avr5\libgcc.a
LOAD c:/program files/arduino-1.0.5/hardware/tools/avr/bin/../lib/gcc/avr/4.3.2/../../../../avr/lib/avr5\libc.a

.hash
 *(.hash)

.dynsym
 *(.dynsym)

.dynstr
 *(.dynstr)

.gnu.version
 *(.gnu.version)

.gnu.version_d
 *(.gnu.version_d)

.gnu.version_r
 *(.gnu.version_r)

.rel.init
 *(.rel.init)

.rela.init
 *(.rela.init)

.rel.text
 *(.rel.text)
 *(.rel.text.*)
 *(.rel.gnu.linkonce.t*)

.rela.text
 *(.rela.text)
 *(.rela.text.*)
 *(.rela.gnu.linkonce.t*)

.rel.fini
 *(.rel.fini)

.rela.fini
 *(.rela.fini)

.rel.rodata
 *(.rel.rodata)
 *(.rel.rodata.*)
 *(.rel.gnu.linkonce.r*)

.rela.rodata
 *(.rela.rodata)
 *(.rela.rodata.*)
 *(.rela.gnu.linkonce.r*)

.rel.data
 *(.rel.data)
 *(.rel.data.*)
 *(.rel.gnu.linkonce.d*)

.rela.data
 *(.rela.data)
 *(.rela.data.*)
 *(.rela.gnu.linkonce.d*)

.rel.ctors
 *(.rel.ctors)

.rela.ctors
 *(.rela.ctors)

.rel.dtors
 *(.rel.dtors)

.rela.dtors
 *(.rela.dtors)

.rel.got
 *(.rel.got)

.rela.got
 *(.rela.got)

.rel.bss
 *(.rel.bss)

.rela.bss
 *(.rela.bss)

.rel.plt
 *(.rel.plt)

.rela.plt
 *(.rela.plt)

xdc.meta
 *(xdc.meta)

.text           0x00000000      0xb98
 *(.vectors)
 .vectors       0x00000000       0x68 ../Platform-Arduino-Uno/Avr/crt0.o
                0x00000000                __vectors
                0x00000000                __vector_default
 *(.vectors)
 *(.progmem.gcc*)
 *(.progmem*)
                0x00000068                . = ALIGN (0x2)
                0x00000068                __trampolines_start = .
 *(.trampolines)
 .trampolines   0x00000068        0x0 linker stubs
 *(.trampolines*)
                0x00000068                __trampolines_end = .
 *(.jumptables)
 *(.jumptables*)
 *(.lowtext)
 *(.lowtext*)
                0x00000068                __ctors_start = .
 *(.ctors)
                0x00000068                __ctors_end = .
                0x00000068                __dtors_start = .
 *(.dtors)
                0x00000068                __dtors_end = .
 SORT(*)(.ctors)
 SORT(*)(.dtors)
 *(.init0)
 .init0         0x00000068        0x0 ../Platform-Arduino-Uno/Avr/crt0.o
                0x00000068                __init
 *(.init0)
 *(.init1)
 *(.init1)
 *(.init2)
 .init2         0x00000068        0xc ../Platform-Arduino-Uno/Avr/crt0.o
 *(.init2)
 *(.init3)
 *(.init3)
 *(.init4)
 .init4         0x00000074       0x16 c:/program files/arduino-1.0.5/hardware/tools/avr/bin/../lib/gcc/avr/4.3.2/avr5\libgcc.a(_copy_data.o)
                0x00000074                __do_copy_data
 .init4         0x0000008a       0x10 c:/program files/arduino-1.0.5/hardware/tools/avr/bin/../lib/gcc/avr/4.3.2/avr5\libgcc.a(_clear_bss.o)
                0x0000008a                __do_clear_bss
 *(.init4)
 *(.init5)
 *(.init5)
 *(.init6)
 *(.init6)
 *(.init7)
 *(.init7)
 *(.init8)
 *(.init8)
 *(.init9)
 .init9         0x0000009a        0x4 ../Platform-Arduino-Uno/Avr/crt0.o
 *(.init9)
 *(.text)
 .text          0x0000009e        0x4 ../Platform-Arduino-Uno/Avr/crt0.o
                0x0000009e                __vector_22
                0x0000009e                __vector_24
                0x0000009e                __vector_12
                0x0000009e                __bad_interrupt
                0x0000009e                __vector_6
                0x0000009e                __vector_3
                0x0000009e                __vector_23
                0x0000009e                __vector_25
                0x0000009e                __vector_13
                0x0000009e                __vector_17
                0x0000009e                __vector_19
                0x0000009e                __vector_7
                0x0000009e                __vector_5
                0x0000009e                __vector_4
                0x0000009e                __vector_9
                0x0000009e                __vector_2
                0x0000009e                __vector_21
                0x0000009e                __vector_15
                0x0000009e                __vector_8
                0x0000009e                __vector_14
                0x0000009e                __vector_10
                0x0000009e                __vector_16
                0x0000009e                __vector_20
                0x000000a2                . = ALIGN (0x2)
 *(.text.*)
 .text.Blinker_cmd_store
                0x000000a2       0x26 Output/Blinker-Prog.obj
                0x000000a2                Blinker_cmd_store
 .text.Blinker_count_fetch
                0x000000c8       0x20 Output/Blinker-Prog.obj
                0x000000c8                Blinker_count_fetch
 .text.Blinker_count_store
                0x000000e8       0x54 Output/Blinker-Prog.obj
                0x000000e8                Blinker_count_store
 .text.Blinker_delay_fetch
                0x0000013c       0x10 Output/Blinker-Prog.obj
                0x0000013c                Blinker_delay_fetch
 .text.Blinker_delay_store
                0x0000014c       0x10 Output/Blinker-Prog.obj
                0x0000014c                Blinker_delay_store
 .text.Blinker_ledState_fetch
                0x0000015c       0x14 Output/Blinker-Prog.obj
                0x0000015c                Blinker_ledState_fetch
 .text.Blinker_disconnectHandler
                0x00000170       0x12 Output/Blinker-Prog.obj
                0x00000170                Blinker_disconnectHandler
 .text.Blinker_connectHandler
                0x00000182       0x12 Output/Blinker-Prog.obj
                0x00000182                Blinker_connectHandler
 .text.main     0x00000194       0x1a Output/Blinker-Prog.obj
                0x00000194                main
 .text.tickHandler
                0x000001ae      0x120 Output/Blinker-Prog.obj
 .text.Em_App_xmitReady
                0x000002ce       0x80 Output/Blinker.obj
                0x000002ce                Em_App_xmitReady
 .text.Em_App_startResSend
                0x0000034e       0x20 Output/Blinker.obj
                0x0000034e                Em_App_startResSend
 .text.Em_App_sendResponse
                0x0000036e       0x2a Output/Blinker.obj
                0x0000036e                Em_App_sendResponse
 .text.Em_App_storeDispatch
                0x00000398       0x50 Output/Blinker.obj
                0x00000398                Em_App_storeDispatch
 .text.Em_App_fetchDispatch
                0x000003e8       0x50 Output/Blinker.obj
                0x000003e8                Em_App_fetchDispatch
 .text.Em_App_sysStoreDispatch
                0x00000438       0x22 Output/Blinker.obj
                0x00000438                Em_App_sysStoreDispatch
 .text.Em_App_sysFetchDispatch
                0x0000045a       0xec Output/Blinker.obj
                0x0000045a                Em_App_sysFetchDispatch
 .text.Em_App_startIndSend
                0x00000546       0x20 Output/Blinker.obj
                0x00000546                Em_App_startIndSend
 .text.Em_App_sendIndicator
                0x00000566       0x2e Output/Blinker.obj
                0x00000566                Em_App_sendIndicator
 .text.Blinker_ledState_indicate
                0x00000594       0x1c Output/Blinker.obj
                0x00000594                Blinker_ledState_indicate
 .text.Em_Message_nextXmit
                0x000005b0       0x64 Output/Blinker.obj
                0x000005b0                Em_Message_nextXmit
 .text.Blinker_disconnect
                0x00000614       0x2a Output/Blinker.obj
                0x00000614                Blinker_disconnect
 .text.Blinker_reset
                0x0000063e       0x52 Output/Blinker.obj
                0x0000063e                Blinker_reset
 .text.Blinker_start
                0x00000690        0xc Output/Blinker.obj
                0x00000690                Blinker_start
 .text.Em_Message_dispatch
                0x0000069c       0x76 Output/Blinker.obj
                0x0000069c                Em_Message_dispatch
 .text.Hal_connected
                0x00000712        0x2 Output/Hal.obj
                0x00000712                Hal_connected
 .text.Hal_delay
                0x00000714       0x32 Output/Hal.obj
                0x00000714                Hal_delay
 .text.Hal_disconnected
                0x00000746        0x2 Output/Hal.obj
                0x00000746                Hal_disconnected
 .text.Hal_init
                0x00000748       0x5e Output/Hal.obj
                0x00000748                Hal_init
 .text.Hal_idleLoop
                0x000007a6       0x62 Output/Hal.obj
                0x000007a6                Hal_idleLoop
 .text.Hal_User_ledOn
                0x00000808       0x74 Output/Hal.obj
                0x00000808                Hal_User_ledOn
 .text.Hal_User_ledOff
                0x0000087c       0x74 Output/Hal.obj
                0x0000087c                Hal_User_ledOff
 .text.Hal_ledRead
                0x000008f0       0x18 Output/Hal.obj
                0x000008f0                Hal_ledRead
 .text.Hal_ledToggle
                0x00000908        0xa Output/Hal.obj
                0x00000908                Hal_ledToggle
 .text.Hal_tickStart
                0x00000912       0x3e Output/Hal.obj
                0x00000912                Hal_tickStart
 .text.Em_Hal_lock
                0x00000950        0x8 Output/Hal.obj
                0x00000950                Em_Hal_lock
 .text.Em_Hal_reset
                0x00000958       0x42 Output/Hal.obj
                0x00000958                Em_Hal_reset
 .text.Em_Hal_startSend
                0x0000099a       0x1c Output/Hal.obj
                0x0000099a                Em_Hal_startSend
 .text.Em_Hal_unlock
                0x000009b6        0xc Output/Hal.obj
                0x000009b6                Em_Hal_unlock
 .text.__vector_18
                0x000009c2       0xa8 Output/Hal.obj
                0x000009c2                __vector_18
 .text.__vector_11
                0x00000a6a       0x4e Output/Hal.obj
                0x00000a6a                __vector_11
 .text.__vector_1
                0x00000ab8       0x92 Output/Hal.obj
                0x00000ab8                __vector_1
 .text.libgcc   0x00000b4a       0x26 c:/program files/arduino-1.0.5/hardware/tools/avr/bin/../lib/gcc/avr/4.3.2/avr5\libgcc.a(_divmodhi4.o)
                0x00000b4a                __divmodhi4
                0x00000b4a                _div
 .text.libgcc   0x00000b70       0x28 c:/program files/arduino-1.0.5/hardware/tools/avr/bin/../lib/gcc/avr/4.3.2/avr5\libgcc.a(_udivmodhi4.o)
                0x00000b70                __udivmodhi4
                0x00000b98                . = ALIGN (0x2)
 *(.fini9)
 *(.fini9)
 *(.fini8)
 *(.fini8)
 *(.fini7)
 *(.fini7)
 *(.fini6)
 *(.fini6)
 *(.fini5)
 *(.fini5)
 *(.fini4)
 *(.fini4)
 *(.fini3)
 *(.fini3)
 *(.fini2)
 *(.fini2)
 *(.fini1)
 *(.fini1)
 *(.fini0)
 *(.fini0)
                0x00000b98                _etext = .

.data           0x00800100      0x1a4 load address 0x00000b98
                0x00800100                PROVIDE (__data_start, .)
                0x00800200                . = (. + 0x100)
 *fill*         0x00800100      0x100 00
                0x00800200                em__stackEnd = .
 *(.data)
 *(.data*)
 .data.patterns
                0x00800200        0x8 Output/Blinker-Prog.obj
                0x00800200                patterns
 .data.delayVal
                0x00800208        0x2 Output/Blinker-Prog.obj
 .data.connectTime
                0x0080020a        0x2 Output/Blinker-Prog.obj
 .data.ledArray2
                0x0080020c       0x1e Output/Blinker-Prog.obj
 .data.ledArray3
                0x0080022a       0x1e Output/Blinker-Prog.obj
 .data.ledArray4
                0x00800248       0x1e Output/Blinker-Prog.obj
 .data.Em_App_inBuf
                0x00800266        0x2 Output/Blinker.obj
                0x00800266                Em_App_inBuf
 *(.rodata)
 *(.rodata*)
 .rodata.ledArray1
                0x00800268       0x1e Output/Blinker-Prog.obj
                0x00800268                ledArray1
 .rodata.Em_App_hash
                0x00800286       0x13 Output/Blinker.obj
                0x00800286                Em_App_hash
 .rodata.Em_App_build
                0x00800299        0x8 Output/Blinker.obj
                0x00800299                Em_App_build
 .rodata.Em_App_endian
                0x008002a1        0x2 Output/Blinker.obj
                0x008002a1                Em_App_endian
 *(.gnu.linkonce.d*)
                0x008002a4                . = ALIGN (0x2)
 *fill*         0x008002a3        0x1 00
                0x008002a4                _edata = .
                0x008002a4                PROVIDE (__data_end, .)

.bss            0x008002a4       0x58 load address 0x00000d3c
                0x008002a4                PROVIDE (__bss_start, .)
 *(.bss)
 *(.bss*)
 .bss.countVal  0x008002a4        0x2 Output/Blinker-Prog.obj
 .bss.curPattern
                0x008002a6        0x2 Output/Blinker-Prog.obj
 .bss.cmdVal    0x008002a8        0x1 Output/Blinker-Prog.obj
 .bss.curTime   0x008002a9        0x2 Output/Blinker-Prog.obj
 .bss.curLedIdx
                0x008002ab        0x2 Output/Blinker-Prog.obj
 .bss.Em_App_state
                0x008002ad        0x1 Output/Blinker.obj
                0x008002ad                Em_App_state
 .bss.Em_App_fileIndex
                0x008002ae        0x4 Output/Blinker.obj
                0x008002ae                Em_App_fileIndex
 .bss.Em_App_xmitMask
                0x008002b2        0x4 Output/Blinker.obj
                0x008002b2                Em_App_xmitMask
 .bss.Em_App_outBuf
                0x008002b6        0x2 Output/Blinker.obj
                0x008002b6                Em_App_outBuf
 .bss._Em_Message_rxBuf
                0x008002b8        0x2 Output/Blinker.obj
                0x008002b8                _Em_Message_rxBuf
 .bss._Em_Message_rxCnt
                0x008002ba        0x1 Output/Blinker.obj
                0x008002ba                _Em_Message_rxCnt
 .bss._Em_Message_txBuf
                0x008002bb        0x2 Output/Blinker.obj
                0x008002bb                _Em_Message_txBuf
 .bss._Em_Message_txCnt
                0x008002bd        0x1 Output/Blinker.obj
                0x008002bd                _Em_Message_txCnt
 .bss.Em_App_devName
                0x008002be        0x2 Output/Blinker.obj
                0x008002be                Em_App_devName
 .bss.handlerEvents
                0x008002c0        0x2 Output/Hal.obj
 .bss.handlerTab
                0x008002c2        0x6 Output/Hal.obj
 *(COMMON)
 COMMON         0x008002c8       0x34 Output/Blinker.obj
                0x008002c8                Em_App_recvIdx
                0x008002c9                Em_App_xmitSize
                0x008002ca                Em_App_valp
                0x008002cc                Em_App_ind_u
                0x008002d8                Em_App_recvSize
                0x008002d9                Em_App_msg_u
                0x008002f5                Em_App_pdHdlr
                0x008002f7                Em_App_bufp
                0x008002f9                Em_App_xmitIdx
                0x008002fa                Em_App_desc
                0x008002fc                PROVIDE (__bss_end, .)
                0x00000b98                __data_load_start = LOADADDR (.data)
                0x00000d3c                __data_load_end = (__data_load_start + SIZEOF (.data))

.noinit         0x008002fc        0x0
                0x008002fc                PROVIDE (__noinit_start, .)
 *(.noinit*)
                0x008002fc                PROVIDE (__noinit_end, .)
                0x008002fc                _end = .
                0x008002fc                PROVIDE (__heap_start, .)

.eeprom         0x00810000        0x0
 *(.eeprom*)
                0x00810000                __eeprom_end = .

.fuse
 *(.fuse)
 *(.lfuse)
 *(.hfuse)
 *(.efuse)

.lock
 *(.lock*)

.signature
 *(.signature*)

.stab
 *(.stab)

.stabstr
 *(.stabstr)

.stab.excl
 *(.stab.excl)

.stab.exclstr
 *(.stab.exclstr)

.stab.index
 *(.stab.index)

.stab.indexstr
 *(.stab.indexstr)

.comment
 *(.comment)

.debug
 *(.debug)

.line
 *(.line)

.debug_srcinfo
 *(.debug_srcinfo)

.debug_sfnames
 *(.debug_sfnames)

.debug_aranges  0x00000000      0x228
 *(.debug_aranges)
 .debug_aranges
                0x00000000       0x70 Output/Blinker-Prog.obj
 .debug_aranges
                0x00000070       0xd8 Output/Blinker.obj
 .debug_aranges
                0x00000148       0xe0 Output/Hal.obj

.debug_pubnames
                0x00000000      0x6f6
 *(.debug_pubnames)
 .debug_pubnames
                0x00000000      0x119 Output/Blinker-Prog.obj
 .debug_pubnames
                0x00000119      0x403 Output/Blinker.obj
 .debug_pubnames
                0x0000051c      0x1da Output/Hal.obj

.debug_info     0x00000000     0x1327
 *(.debug_info)
 .debug_info    0x00000000      0x420 Output/Blinker-Prog.obj
 .debug_info    0x00000420      0x827 Output/Blinker.obj
 .debug_info    0x00000c47      0x6e0 Output/Hal.obj
 *(.gnu.linkonce.wi.*)

.debug_abbrev   0x00000000      0x61e
 *(.debug_abbrev)
 .debug_abbrev  0x00000000      0x14c Output/Blinker-Prog.obj
 .debug_abbrev  0x0000014c      0x208 Output/Blinker.obj
 .debug_abbrev  0x00000354      0x2ca Output/Hal.obj

.debug_line     0x00000000     0x15fb
 *(.debug_line)
 .debug_line    0x00000000      0x386 Output/Blinker-Prog.obj
 .debug_line    0x00000386      0x8fd Output/Blinker.obj
 .debug_line    0x00000c83      0x978 Output/Hal.obj

.debug_frame    0x00000000      0x3f0
 *(.debug_frame)
 .debug_frame   0x00000000       0xc0 Output/Blinker-Prog.obj
 .debug_frame   0x000000c0      0x190 Output/Blinker.obj
 .debug_frame   0x00000250      0x1a0 Output/Hal.obj

.debug_str      0x00000000      0x8c7
 *(.debug_str)
 .debug_str     0x00000000      0x2d7 Output/Blinker-Prog.obj
                                0x31b (size before relaxing)
 .debug_str     0x000002d7      0x3c8 Output/Blinker.obj
                                0x51c (size before relaxing)
 .debug_str     0x0000069f      0x228 Output/Hal.obj
                                0x386 (size before relaxing)

.debug_loc      0x00000000      0x5ca
 *(.debug_loc)
 .debug_loc     0x00000000      0x158 Output/Blinker-Prog.obj
 .debug_loc     0x00000158      0x387 Output/Blinker.obj
 .debug_loc     0x000004df       0xeb Output/Hal.obj

.debug_macinfo
 *(.debug_macinfo)

xdc.noload
OUTPUT(Output/Blinker-Prog.out elf32-avr)
LOAD linker stubs

.debug_ranges   0x00000000      0x2e8
 .debug_ranges  0x00000000       0x80 Output/Blinker-Prog.obj
 .debug_ranges  0x00000080       0xe8 Output/Blinker.obj
 .debug_ranges  0x00000168      0x180 Output/Hal.obj
